--------- beginning of system
03-20 23:51:31.350  1684  2325 D PackageManager: set app component=ComponentInfo{com.android.vending/com.android.vending.AssetBrowserActivity} enabled state: 1 from null,uid=10180,pid=18213
03-20 23:51:31.352  1684  2196 D CompatibilityChangeReporter: Compat change id reported: 161145287; UID 10180; state: DISABLED
03-20 23:51:31.378  1684  5018 D PackageManager: set app component=ComponentInfo{com.android.vending/com.google.android.finsky.wearsupport.WearSupportService} enabled state: 2 from null,uid=10180,pid=18213
03-20 23:51:31.379  1684  5018 D PackageManager: set app component=ComponentInfo{com.android.vending/com.google.android.finsky.wearsupport.WearChangeListenerService} enabled state: 2 from null,uid=10180,pid=18213
03-20 23:51:31.549  1684  1684 D UiModeManager: updateConfigurationLocked: mDockState=0; mCarMode=false; mCar=false; mPowerSave=false; mComputedNightMode=true; mNightMode=0; uiMode=44
03-20 23:51:31.651  1684  2027 W DevicePolicyManager: Unknown user type: UserInfo{999:XSpace:801010}
03-20 23:51:31.652  1684  2027 W DevicePolicyManager: Unknown user type: UserInfo{999:XSpace:801010}
03-20 23:51:31.652  1684  2027 W DevicePolicyManager: Unknown user type: UserInfo{999:XSpace:801010}
03-20 23:51:31.652  1684  2027 W DevicePolicyManager: Unknown user type: UserInfo{999:XSpace:801010}
03-20 23:51:31.652  1684  2027 W DevicePolicyManager: Unknown user type: UserInfo{999:XSpace:801010}
03-20 23:51:31.652  1684  2027 W DevicePolicyManager: Unknown user type: UserInfo{999:XSpace:801010}
03-20 23:51:31.652  1684  2027 W DevicePolicyManager: Unknown user type: UserInfo{999:XSpace:801010}
03-20 23:51:31.652  1684  2027 W DevicePolicyManager: Unknown user type: UserInfo{999:XSpace:801010}
03-20 23:51:31.653  1684  2027 W DevicePolicyManager: Unknown user type: UserInfo{999:XSpace:801010}
03-20 23:51:31.653  1684  2027 W DevicePolicyManager: Unknown user type: UserInfo{999:XSpace:801010}
03-20 23:51:31.653  1684  2027 W DevicePolicyManager: Unknown user type: UserInfo{999:XSpace:801010}
03-20 23:51:31.653  1684  2027 W DevicePolicyManager: Unknown user type: UserInfo{999:XSpace:801010}
03-20 23:51:31.655  1684  2027 W DevicePolicyManager: Unknown user type: UserInfo{999:XSpace:801010}
03-20 23:51:31.655  1684  2027 W DevicePolicyManager: Unknown user type: UserInfo{999:XSpace:801010}
03-20 23:51:31.655  1684  2027 W DevicePolicyManager: Unknown user type: UserInfo{999:XSpace:801010}
03-20 23:51:31.655  1684  2027 W DevicePolicyManager: Unknown user type: UserInfo{999:XSpace:801010}
03-20 23:51:31.656  1684  2027 W DevicePolicyManager: Unknown user type: UserInfo{999:XSpace:801010}
03-20 23:51:31.656  1684  2027 W DevicePolicyManager: Unknown user type: UserInfo{999:XSpace:801010}
03-20 23:51:31.656  1684  2027 W DevicePolicyManager: Unknown user type: UserInfo{999:XSpace:801010}
03-20 23:51:31.656  1684  2027 W DevicePolicyManager: Unknown user type: UserInfo{999:XSpace:801010}
03-20 23:51:31.656  1684  2027 W DevicePolicyManager: Unknown user type: UserInfo{999:XSpace:801010}
03-20 23:51:31.656  1684  2027 W DevicePolicyManager: Unknown user type: UserInfo{999:XSpace:801010}
03-20 23:51:31.656  1684  2027 W DevicePolicyManager: Unknown user type: UserInfo{999:XSpace:801010}
03-20 23:51:31.656  1684  2027 W DevicePolicyManager: Unknown user type: UserInfo{999:XSpace:801010}
03-20 23:51:32.577  1684  2073 I SmartPower.com.facebook.katana/10094(16962): background->idle(3003ms) R(broadcast start Intent { act=android.intent.action.BATTERY_CHANGED flg=0x60000010 (has extras) }) adj=700.
03-20 23:51:34.292  1684  2196 D PerfShielderService: com.example.assistantapp|com.example.assistantapp/com.example.assistantapp.MainActivity|380|1417844196567201|229|2|3
03-20 23:51:34.293  3890 19300 W MiuiPerfServiceClient: interceptAndQueuing:12126|com.example.assistantapp|380|229|1417844196567201|Slow handle animation|3
03-20 23:51:34.568  1684  1700 D TextToSpeechManagerPerUserService: Trying to start connection to TTS engine: com.google.android.tts
03-20 23:51:34.573  1684  1684 D TextToSpeechManagerPerUserService: Connected successfully to TTS engine: com.google.android.tts
03-20 23:51:34.655  1684  1700 I CameraBooster: notify3rdCameraForegroundState isCameraForeground: true, caller : com.example.assistantapp, scene :3
03-20 23:51:34.659  1684  2060 I CameraBooster: boostCameraIfNeeded threshold: 0
03-20 23:51:34.659  1684  2060 I CameraBooster: freeMemory: 1888296 cameraThreshold: 2097152, isMiuiCamera: false
03-20 23:51:34.660  1684  2060 I CameraBooster: freeKb = 448236, cache : 671780, adjThreshold = 800 skip_task_num = 1
03-20 23:51:34.661  1684  2196 E CameraCoveredManager: SetCoveredPackageName but not support camera covered feature!
03-20 23:51:34.662  1684  2060 I CameraBooster: kill app name: com.google.android.permissioncontroller pkg: com.google.android.permissioncontroller pss: 34340
03-20 23:51:34.664  1684  1700 W DevicePolicyManager: Unknown user type: UserInfo{999:XSpace:801010}
03-20 23:51:34.664  1684  2060 I CameraBooster: set to camera-daemon/tokill cgroup before kill 16867
03-20 23:51:34.665  1684  2060 I ActivityManager: Killing 16867:com.google.android.permissioncontroller/u0a218 (adj 905): camera boost
03-20 23:51:34.666  1684  2060 I CameraBooster: boost camera kill 1 processes, will free memory:34340KB
03-20 23:51:34.667  1684  2060 I CameraBooster: kill 0 processes, will free memory:0KB
03-20 23:51:34.667  1684  2060 I CameraBooster: kill 0 processes, will free memory:0KB
03-20 23:51:34.676  2476  2911 D FlashlightController: TorchCallback: onTorchModeUnavailable
03-20 23:51:34.676  1684  1684 W VibratorManagerServiceImpl: onCameraUnavailable with id0
03-20 23:51:34.708  1684  2059 E ProcessManager: error write exception log
03-20 23:51:34.866  1684  1821 I DisplayModeDirectorImpl: onDesiredDisplayModeSpecsChanged:baseModeId=1 allowGroupSwitching=false primaryRefreshRateRange=[30 60] appRequestRefreshRateRange=[30 60] noVotes=false
03-20 23:51:35.079  1684  1842 D CompatibilityChangeReporter: Compat change id reported: 135634846; UID 1000; state: DISABLED
03-20 23:51:35.080  1684  1842 D CompatibilityChangeReporter: Compat change id reported: 177438394; UID 1000; state: DISABLED
03-20 23:51:35.080  1684  1842 D CompatibilityChangeReporter: Compat change id reported: 135772972; UID 1000; state: DISABLED
03-20 23:51:35.080  1684  1842 D CompatibilityChangeReporter: Compat change id reported: 135754954; UID 1000; state: ENABLED
03-20 23:51:35.092  1684  1843 I ActivityManager: Start proc 18455:com.xiaomi.misettings/1000 for service {com.xiaomi.misettings/com.android.settings.coolsound.CoolSoundPreloadService} caller=com.android.settings
03-20 23:51:35.123  1684  6547 I SmartPower.com.xiaomi.misettings/1000(18455): died->invisible(20883ms) R(process start ) adj=-10000.
03-20 23:51:35.124  1684  6547 D CompatibilityChangeReporter: Compat change id reported: 168419799; UID 1000; state: DISABLED
03-20 23:51:35.256  1684  6547 D PackageManager: set app component=ComponentInfo{com.xiaomi.misettings/androidx.work.impl.background.systemjob.SystemJobService} enabled state: 1 from null,uid=1000,pid=18455
03-20 23:51:35.331  1684  6547 I ActivityManager: Process com.facebook.system (pid 17805) has died: cch+45 CEM 
03-20 23:51:35.331  1684  2059 E ProcessManager: error write exception log
03-20 23:51:35.349  1684  1830 W ActivityManager: Rescheduling restart of crashed service com.modemdebug/.ModemDebugService in 0ms for mem-pressure-event
03-20 23:51:35.349  1684  1830 W ActivityManager: Rescheduling restart of crashed service com.xiaomi.discover/com.xiaomi.downloader.service.DownloadService in 0ms for mem-pressure-event
03-20 23:51:35.351  1684  1842 D CompatibilityChangeReporter: Compat change id reported: 135634846; UID 1000; state: DISABLED
03-20 23:51:35.352  1684  1842 D CompatibilityChangeReporter: Compat change id reported: 177438394; UID 1000; state: DISABLED
03-20 23:51:35.352  1684  1842 D CompatibilityChangeReporter: Compat change id reported: 135772972; UID 1000; state: DISABLED
03-20 23:51:35.352  1684  1842 D CompatibilityChangeReporter: Compat change id reported: 135754954; UID 1000; state: ENABLED
03-20 23:51:35.353  1684  1842 I ActivityManager: com.xiaomi.discover is exempt from freezer
03-20 23:51:35.354  1684  1842 D CompatibilityChangeReporter: Compat change id reported: 135634846; UID 10122; state: DISABLED
03-20 23:51:35.354  1684  1842 D CompatibilityChangeReporter: Compat change id reported: 177438394; UID 10122; state: DISABLED
03-20 23:51:35.354  1684  1842 D CompatibilityChangeReporter: Compat change id reported: 135772972; UID 10122; state: DISABLED
03-20 23:51:35.354  1684  1842 D CompatibilityChangeReporter: Compat change id reported: 135754954; UID 10122; state: ENABLED
03-20 23:51:35.374  1684  1843 I ActivityManager: Start proc 18477:com.modemdebug/1000 for service {com.modemdebug/com.modemdebug.ModemDebugService} caller=com.modemdebug
03-20 23:51:35.374  1684  1843 D CompatibilityChangeReporter: Compat change id reported: 143937733; UID 10122; state: ENABLED
03-20 23:51:35.390  1684  2659 D TextToSpeechManagerPerUserService: Unbinding TTS engine: com.google.android.tts. Reason: client disconnection request
03-20 23:51:35.392  1684  1684 W TextToSpeechManagerPerUserService: Disconnected from TTS engine
03-20 23:51:35.397  1684  6552 D PackageManager: set app component=ComponentInfo{com.xiaomi.misettings/com.xiaomi.misettings.usagestats.widget.desktop.widget.NormalUsageStatsWidget} enabled state: 2 from null,uid=1000,pid=18455
03-20 23:51:35.397  1684  1843 I ActivityManager: Start proc 18479:com.xiaomi.discover/u0a122 for service {com.xiaomi.discover/com.xiaomi.downloader.service.DownloadService} caller=com.xiaomi.discover
03-20 23:51:35.399  1684  6552 D PackageManager: set app component=ComponentInfo{com.xiaomi.misettings/com.xiaomi.misettings.usagestats.widget.desktop.widget.SimpleUsageStatsWidget} enabled state: 2 from null,uid=1000,pid=18455
03-20 23:51:35.437  1684  2659 I SmartPower.com.modemdebug/1000(18477): died->invisible(21162ms) R(process start ) adj=-10000.
03-20 23:51:35.438  1684  2659 D CompatibilityChangeReporter: Compat change id reported: 168419799; UID 1000; state: DISABLED
03-20 23:51:35.443  1684  6552 I SmartPower.com.xiaomi.discover/10122(18479): died->background(21141ms) R(process start ) adj=-10000.
03-20 23:51:35.445  1684  6552 D CompatibilityChangeReporter: Compat change id reported: 168419799; UID 10122; state: DISABLED
03-20 23:51:35.452  1684  6547 I ActivityManager: Process com.facebook.katana (pid 16962) has died: cch+45 CEM 
03-20 23:51:35.452  1684  2059 E ProcessManager: error write exception log
03-20 23:51:35.489  1684  6547 D PackageManager: set app component=ComponentInfo{com.xiaomi.misettings/com.xiaomi.misettings.usagestats.AppStartTimerReceiver} enabled state: 2 from null,uid=1000,pid=18455
03-20 23:51:35.741  1684  5013 D CompatibilityChangeReporter: Compat change id reported: 161145287; UID 10122; state: DISABLED
03-20 23:51:35.848  1684  6552 D CompatibilityChangeReporter: Compat change id reported: 168419799; UID 10183; state: DISABLED
03-20 23:51:35.862  1684  5011 D PackageManager: set app component=ComponentInfo{com.xiaomi.discover/androidx.work.impl.background.systemjob.SystemJobService} enabled state: 1 from null,uid=10122,pid=18479
03-20 23:51:35.895  1684  5011 I ActivityManager: com.xiaomi.mipicks is exempt from freezer
03-20 23:51:35.895  1684  5011 D CompatibilityChangeReporter: Compat change id reported: 135634846; UID 10149; state: DISABLED
03-20 23:51:35.895  1684  5011 D CompatibilityChangeReporter: Compat change id reported: 177438394; UID 10149; state: DISABLED
03-20 23:51:35.895  1684  5011 D CompatibilityChangeReporter: Compat change id reported: 135772972; UID 10149; state: DISABLED
03-20 23:51:35.895  1684  5011 D CompatibilityChangeReporter: Compat change id reported: 135754954; UID 10149; state: ENABLED
03-20 23:51:35.895  1684  1843 D CompatibilityChangeReporter: Compat change id reported: 143937733; UID 10149; state: ENABLED
03-20 23:51:35.903  1684  1843 I ActivityManager: Start proc 18584:com.xiaomi.mipicks/u0a149 for content provider {com.xiaomi.mipicks/com.xiaomi.market.provider.MarketProvider} caller=com.xiaomi.discover
03-20 23:51:35.939  1684  5011 I SmartPower.com.xiaomi.mipicks/10149(18584): died->background(45300ms) R(process start ) adj=-10000.
03-20 23:51:35.941  1684  5011 D CompatibilityChangeReporter: Compat change id reported: 168419799; UID 10149; state: DISABLED
03-20 23:51:36.312  1684  5011 D CompatibilityChangeReporter: Compat change id reported: 161145287; UID 10149; state: DISABLED
03-20 23:51:36.392  1684  4509 D CompatibilityChangeReporter: Compat change id reported: 161252188; UID 10289; state: DISABLED
03-20 23:51:36.394  1684  4509 D CompatibilityChangeReporter: Compat change id reported: 135634846; UID 10289; state: DISABLED
03-20 23:51:36.394  1684  4509 D CompatibilityChangeReporter: Compat change id reported: 177438394; UID 10289; state: DISABLED
03-20 23:51:36.394  1684  4509 D CompatibilityChangeReporter: Compat change id reported: 135772972; UID 10289; state: DISABLED
03-20 23:51:36.394  1684  4509 D CompatibilityChangeReporter: Compat change id reported: 135754954; UID 10289; state: ENABLED
03-20 23:51:36.394  1684  1843 D CompatibilityChangeReporter: Compat change id reported: 143937733; UID 10289; state: ENABLED
03-20 23:51:36.399  1684  5011 D IntervalStats: Unable to parse usage stats packages: [1263, 1488, 1497, 1502, 1504, 1506, 1509, 1513, 1514, 1515, 1516, 1517, 1518, 1520, 1521, 1522, 1523]
03-20 23:51:36.400  1684  4509 D CompatibilityChangeReporter: Compat change id reported: 319212206; UID 10149; state: ENABLED
03-20 23:51:36.406  1684  1843 I ActivityManager: Start proc 18673:com.indus.appstore/u0a289 for service {com.indus.appstore/com.xiaomi.mipicks.openstore.core.process.OpenProcessProxyService} caller=com.xiaomi.mipicks
03-20 23:51:36.442  1684  5011 I SmartPower.com.indus.appstore/10289(18673): died->background(45636ms) R(process start ) adj=-10000.
03-20 23:51:36.444  1684  5011 D CompatibilityChangeReporter: Compat change id reported: 168419799; UID 10289; state: DISABLED
03-20 23:51:36.448 18584 18584 D FramePredict: FramePredict init: false
03-20 23:51:36.475  1684  4509 I ActivityManager: Process com.google.process.gservices (pid 18055) has died: cch+35 CEM 
03-20 23:51:36.475  1684  2059 E ProcessManager: error write exception log
03-20 23:51:36.500  1684  3905 I ActivityManager: Process com.google.process.gapps (pid 18106) has died: cch+25 CEM 
03-20 23:51:36.501  1684  2059 E ProcessManager: error write exception log
03-20 23:51:36.580  1684  5011 D PackageManager: set app component=ComponentInfo{com.xiaomi.mipicks/androidx.work.impl.background.systemjob.SystemJobService} enabled state: 1 from null,uid=10149,pid=18584
03-20 23:51:36.642  1684  2748 I ActivityManager: Process com.android.vending:background (pid 18120) has died: cch+15 CEM 
03-20 23:51:36.642  1684  2059 E ProcessManager: error write exception log
03-20 23:51:36.657  1684  2748 D ForceDarkAppConfigProvider: cloudConfigVersion: -1   localConfigVersion:20240119
03-20 23:51:36.657  1684  2748 I UiModeManager: systemserver package:com.indus.appstore null
03-20 23:51:36.799  1684  2326 I ActivityManager: Process com.android.vending (pid 18213) has died: cch+5 CEM 
03-20 23:51:36.799  1684  2059 E ProcessManager: error write exception log
03-20 23:51:37.221  1684  2748 I ActivityManager: Process com.miui.analytics (pid 17524) has died: svcb SVC 
03-20 23:51:37.222  1684  2059 E ProcessManager: error write exception log
03-20 23:51:37.222  1684  2748 W ActivityManager: Scheduling restart of crashed service com.miui.analytics/.internal.WakeupService in 1000ms for start-requested
03-20 23:51:37.227  1684  1830 W ActivityManager: Rescheduling restart of crashed service com.miui.analytics/.internal.WakeupService in 995ms for mem-pressure-event
03-20 23:51:37.227  1684  1830 W ActivityManager: Rescheduling restart of crashed service com.xiaomi.bluetooth/com.android.bluetooth.ble.app.MiuiNearbyService in 465447ms for mem-pressure-event
03-20 23:51:37.227  1684  1830 W ActivityManager: Rescheduling restart of crashed service com.xiaomi.bluetooth/com.android.bluetooth.ble.app.MiuiNearbyServiceV2 in 1745463ms for mem-pressure-event
03-20 23:51:37.354  1684  2326 I ActivityManager: Process android.process.acore (pid 14390) has died: svcb CEM 
03-20 23:51:37.355  1684  2059 E ProcessManager: error write exception log
03-20 23:51:37.815  1684  2659 I ActivityManager: Process com.google.android.gms.unstable (pid 17362) has died: svcb CEM 
03-20 23:51:37.816  1684  2059 E ProcessManager: error write exception log
03-20 23:51:37.865  1684  5016 E AppOps  : Bad call made by uid 10183. Package "com.google.android.gms" does not belong to uid 10289.
03-20 23:51:37.956  1684  5016 D CompatibilityChangeReporter: Compat change id reported: 161145287; UID 10289; state: DISABLED
03-20 23:51:38.031 18673 18673 W Looper  : PerfMonitor longMsg : seq=2 plan=23:51:36.447 late=6ms wall=1569ms h=android.app.ActivityThread$H w=110 procState=-1
03-20 23:51:38.064  1684  2659 I ActivityManager: Process com.xiaomi.misettings (pid 18455) has died: svcb SVC 
03-20 23:51:38.064  1684  2059 E ProcessManager: error write exception log
03-20 23:51:38.065  1684  2659 W ActivityManager: Scheduling restart of crashed service com.xiaomi.misettings/com.android.settings.coolsound.CoolSoundPreloadService in 65104ms for start-requested
03-20 23:51:38.078  1684  5018 I ActivityManager: Process com.android.settings:remote (pid 18321) has died: svcb SVC 
03-20 23:51:38.078  1684  2059 E ProcessManager: error write exception log
03-20 23:51:38.079  1684  5018 W ActivityManager: Scheduling restart of crashed service com.android.settings/.dangerousoptions.DangerousOptionsWarningService in 25104ms for start-requested
03-20 23:51:38.205  1684  5016 I ActivityManager: Process com.facebook.services (pid 17543) has died: svcb SVC 
03-20 23:51:38.205  1684  2059 E ProcessManager: error write exception log
03-20 23:51:38.206  1684  5016 W ActivityManager: Scheduling restart of crashed service com.facebook.services/com.facebook.oxygen.services.fbns.PreloadedFbnsService in 10017ms for start-requested
03-20 23:51:38.225  1684  1842 D CompatibilityChangeReporter: Compat change id reported: 135634846; UID 99910121; state: DISABLED
03-20 23:51:38.225  1684  1842 D CompatibilityChangeReporter: Compat change id reported: 177438394; UID 99910121; state: DISABLED
03-20 23:51:38.225  1684  1842 D CompatibilityChangeReporter: Compat change id reported: 135772972; UID 99910121; state: DISABLED
03-20 23:51:38.225  1684  1842 D CompatibilityChangeReporter: Compat change id reported: 135754954; UID 99910121; state: ENABLED
03-20 23:51:38.227  1684  1843 D CompatibilityChangeReporter: Compat change id reported: 143937733; UID 99910121; state: ENABLED
03-20 23:51:38.227  1684  1843 W ActivityManager: com.google.android.gms inode == 0 (b/152760674)
03-20 23:51:38.248  1684  1843 I ActivityManager: Start proc 18929:com.miui.analytics/u999a121 for service {com.miui.analytics/com.miui.analytics.internal.WakeupService} caller=com.miui.analytics
03-20 23:51:38.252 18673 18673 D FramePredict: FramePredict init: false
03-20 23:51:38.254 18673 18673 W Looper  : PerfMonitor doFrame : time=1ms vsyncFrame=0 latency=1041ms procState=-1 historyMsgCount=7 (msgIndex=1 wall=1569ms seq=2 late=6ms h=android.app.ActivityThread$H w=110)
03-20 23:51:38.289  1684  5016 I SmartPower.com.miui.analytics/99910121(18929): died->background(1069ms) R(process start ) adj=-10000.
03-20 23:51:38.293  1684  5016 D CompatibilityChangeReporter: Compat change id reported: 168419799; UID 99910121; state: DISABLED
03-20 23:51:38.472  1684  3905 D CompatibilityChangeReporter: Compat change id reported: 161145287; UID 99910121; state: DISABLED
03-20 23:51:38.493  1684  2748 I ActivityManager: Process com.indus.appstore (pid 18673) has died: cch+5 CEM 
03-20 23:51:38.498  1684  2059 E ProcessManager: error write exception log
03-20 23:51:38.498  1684  5021 D CompatibilityChangeReporter: Compat change id reported: 194532703; UID 99910121; state: ENABLED
03-20 23:51:38.554  1684  2748 I ActivityManager: Background started FGS: Allowed [callingPackage: com.xiaomi.mipicks; callingUid: 10149; uidState: SVC ; intent: Intent { pkg=com.xiaomi.mipicks cmp=com.xiaomi.mipicks/com.xiaomi.market.service.CloudConfigSyncService (has extras) }; code:SYSTEM_ALERT_WINDOW_PERMISSION; tempAllowListReason:<,reasonCode:SYSTEM_ALLOW_LISTED,duration:9223372036854775807,callingUid:-1>; targetSdkVersion:35; callerTargetSdkVersion:35; startForegroundCount:0; bindFromPackage:null]
03-20 23:51:38.568  1684  1842 I DropBoxManagerService: add tag=system_server_wtf isTagEnabled=true flags=0x2
03-20 23:51:38.579  1684  2748 W ActivityManager: Foreground service started from background can not have location/camera/microphone access: service com.xiaomi.mipicks/com.xiaomi.market.service.CloudConfigSyncService
03-20 23:51:38.583  1684  2659 I ActivityManager: Cancel FGS notification userId: 0 definingUid: 10149 packageName: com.xiaomi.mipicks processName:com.xiaomi.mipicks ChannelId:com.xiaomi.mipicks_hide foregroundNotiWhen:1774030898564 Notiflags:88
03-20 23:51:38.613  1684  2073 I SmartPower.com.xiaomi.discover/10122(18479): background->idle(3170ms) R(service end com.xiaomi.discover/com.xiaomi.downloader.service.DownloadService) adj=500.
03-20 23:51:38.630  1684  2659 D CompatibilityChangeReporter: Compat change id reported: 161252188; UID 10289; state: DISABLED
03-20 23:51:38.631  1684  2659 D CompatibilityChangeReporter: Compat change id reported: 135634846; UID 10289; state: DISABLED
03-20 23:51:38.631  1684  2659 D CompatibilityChangeReporter: Compat change id reported: 177438394; UID 10289; state: DISABLED
03-20 23:51:38.631  1684  2659 D CompatibilityChangeReporter: Compat change id reported: 135772972; UID 10289; state: DISABLED
03-20 23:51:38.631  1684  2659 D CompatibilityChangeReporter: Compat change id reported: 135754954; UID 10289; state: ENABLED
03-20 23:51:38.631  1684  1843 D CompatibilityChangeReporter: Compat change id reported: 143937733; UID 10289; state: ENABLED
03-20 23:51:38.641  1684  1843 I ActivityManager: Start proc 18984:com.indus.appstore/u0a289 for service {com.indus.appstore/com.xiaomi.mipicks.openstore.core.process.OpenProcessProxyService} caller=com.xiaomi.mipicks
03-20 23:51:38.678  1684  2659 I SmartPower.com.indus.appstore/10289(18984): died->background(184ms) R(process start ) adj=-10000.
03-20 23:51:38.757  1684  2659 D ForceDarkAppConfigProvider: cloudConfigVersion: -1   localConfigVersion:20240119
03-20 23:51:38.757  1684  2659 I UiModeManager: systemserver package:com.indus.appstore null
03-20 23:51:38.944  1684  2073 I SmartPower.com.xiaomi.mipicks/10149(18584): background->idle(3005ms) R(adj below visible) adj=500.
03-20 23:51:39.350  1684  3905 I RemoteSpeechRecognitionService: #startListening called while listening is in progress.
03-20 23:51:39.352  1684  2659 I RemoteSpeechRecognitionService: #startListening called while listening is in progress.
03-20 23:51:39.354  1684  2659 I RemoteSpeechRecognitionService: #startListening called while listening is in progress.
03-20 23:51:39.354  1684  2659 I RemoteSpeechRecognitionService: #startListening called while listening is in progress.
03-20 23:51:39.355  1684  3905 I RemoteSpeechRecognitionService: #startListening called while listening is in progress.
03-20 23:51:39.362  1684  3905 I RemoteSpeechRecognitionService: #startListening called while listening is in progress.
03-20 23:51:39.363  1684  3905 I RemoteSpeechRecognitionService: #startListening called while listening is in progress.
03-20 23:51:39.366  1684  3905 I RemoteSpeechRecognitionService: #startListening called while listening is in progress.
03-20 23:51:39.367  1684  3905 I RemoteSpeechRecognitionService: #startListening called while listening is in progress.
03-20 23:51:39.370  1684  3905 I RemoteSpeechRecognitionService: #startListening called while listening is in progress.
03-20 23:51:39.371  1684  3905 I RemoteSpeechRecognitionService: #startListening called while listening is in progress.
03-20 23:51:39.373  1684  3905 I RemoteSpeechRecognitionService: #startListening called while listening is in progress.
03-20 23:51:39.376  1684  3905 I RemoteSpeechRecognitionService: #startListening called while listening is in progress.
03-20 23:51:39.378  1684  3905 I RemoteSpeechRecognitionService: #startListening called while listening is in progress.
03-20 23:51:39.379  1684  3905 I RemoteSpeechRecognitionService: #startListening called while listening is in progress.
03-20 23:51:39.381  1684  3905 I RemoteSpeechRecognitionService: #startListening called while listening is in progress.
03-20 23:51:39.381  1684  3905 I RemoteSpeechRecognitionService: #startListening called while listening is in progress.
03-20 23:51:39.382  1684  3905 I RemoteSpeechRecognitionService: #startListening called while listening is in progress.
03-20 23:51:39.384  1684  3905 I RemoteSpeechRecognitionService: #startListening called while listening is in progress.
03-20 23:51:39.385  1684  3905 I RemoteSpeechRecognitionService: #startListening called while listening is in progress.
03-20 23:51:39.386  1684  3905 I RemoteSpeechRecognitionService: #startListening called while listening is in progress.
03-20 23:51:39.388  1684  3905 I RemoteSpeechRecognitionService: #startListening called while listening is in progress.
03-20 23:51:39.389  1684  3905 I RemoteSpeechRecognitionService: #startListening called while listening is in progress.
03-20 23:51:39.391  1684  3905 I RemoteSpeechRecognitionService: #startListening called while listening is in progress.
03-20 23:51:39.392  1684  3905 I RemoteSpeechRecognitionService: #startListening called while listening is in progress.
03-20 23:51:39.394  1684  3905 I RemoteSpeechRecognitionService: #startListening called while listening is in progress.
03-20 23:51:39.395  1684  3905 I RemoteSpeechRecognitionService: #startListening called while listening is in progress.
03-20 23:51:39.397  1684  3905 I RemoteSpeechRecognitionService: #startListening called while listening is in progress.
03-20 23:51:39.422  1684  3905 I RemoteSpeechRecognitionService: #startListening called while listening is in progress.
03-20 23:51:39.424  1684  3905 I RemoteSpeechRecognitionService: #startListening called while listening is in progress.
03-20 23:51:39.426  1684  3905 I RemoteSpeechRecognitionService: #startListening called while listening is in progress.
03-20 23:51:39.430  1684  2659 I RemoteSpeechRecognitionService: #startListening called while listening is in progress.
03-20 23:51:39.433  1684  2659 I RemoteSpeechRecognitionService: #startListening called while listening is in progress.
03-20 23:51:39.434  1684  5021 I RemoteSpeechRecognitionService: #startListening called while listening is in progress.
03-20 23:51:39.436  1684  5021 I RemoteSpeechRecognitionService: #startListening called while listening is in progress.
03-20 23:51:39.438  1684  5021 I RemoteSpeechRecognitionService: #startListening called while listening is in progress.
03-20 23:51:39.440  1684  5021 I RemoteSpeechRecognitionService: #startListening called while listening is in progress.
03-20 23:51:39.441  1684  3905 I RemoteSpeechRecognitionService: #startListening called while listening is in progress.
03-20 23:51:39.443  1684  3905 I RemoteSpeechRecognitionService: #startListening called while listening is in progress.
03-20 23:51:39.445  1684  3905 I RemoteSpeechRecognitionService: #startListening called while listening is in progress.
03-20 23:51:39.445  1684  3905 I RemoteSpeechRecognitionService: #startListening called while listening is in progress.
03-20 23:51:39.447  1684  3905 I RemoteSpeechRecognitionService: #startListening called while listening is in progress.
03-20 23:51:39.448  1684  3905 I RemoteSpeechRecognitionService: #startListening called while listening is in progress.
03-20 23:51:39.449  1684  3905 I RemoteSpeechRecognitionService: #startListening called while listening is in progress.
03-20 23:51:39.450  1684  2659 I RemoteSpeechRecognitionService: #startListening called while listening is in progress.
03-20 23:51:39.451  1684  3905 I RemoteSpeechRecognitionService: #startListening called while listening is in progress.
03-20 23:51:39.451  1684  3905 I RemoteSpeechRecognitionService: #startListening called while listening is in progress.
03-20 23:51:39.452  1684  3905 I RemoteSpeechRecognitionService: #startListening called while listening is in progress.
03-20 23:51:39.454  1684  2659 I RemoteSpeechRecognitionService: #startListening called while listening is in progress.
03-20 23:51:39.455  1684  3905 I RemoteSpeechRecognitionService: #startListening called while listening is in progress.
03-20 23:51:39.456  1684  3905 I RemoteSpeechRecognitionService: #startListening called while listening is in progress.
03-20 23:51:39.457  1684  3905 I RemoteSpeechRecognitionService: #startListening called while listening is in progress.
03-20 23:51:39.458  1684  2659 I RemoteSpeechRecognitionService: #startListening called while listening is in progress.
03-20 23:51:39.462  1684  3905 I RemoteSpeechRecognitionService: #startListening called while listening is in progress.
03-20 23:51:39.464  1684  3905 I RemoteSpeechRecognitionService: #startListening called while listening is in progress.
03-20 23:51:39.465  1684  2659 I RemoteSpeechRecognitionService: #startListening called while listening is in progress.
03-20 23:51:39.467  1684  5021 I RemoteSpeechRecognitionService: #startListening called while listening is in progress.
03-20 23:51:39.468  1684  5021 I RemoteSpeechRecognitionService: #startListening called while listening is in progress.
03-20 23:51:39.469  1684  5021 I RemoteSpeechRecognitionService: #startListening called while listening is in progress.
03-20 23:51:39.470  1684  2659 I RemoteSpeechRecognitionService: #startListening called while listening is in progress.
03-20 23:51:39.471  1684  3905 I RemoteSpeechRecognitionService: #startListening called while listening is in progress.
03-20 23:51:39.475  1684  2659 I RemoteSpeechRecognitionService: #startListening called while listening is in progress.
03-20 23:51:39.476  1684  2659 I RemoteSpeechRecognitionService: #startListening called while listening is in progress.
03-20 23:51:39.478  1684  2659 I RemoteSpeechRecognitionService: #startListening called while listening is in progress.
03-20 23:51:39.479  1684  2659 I RemoteSpeechRecognitionService: #startListening called while listening is in progress.
03-20 23:51:39.480  1684  2659 I RemoteSpeechRecognitionService: #startListening called while listening is in progress.
03-20 23:51:39.481  1684  2659 I RemoteSpeechRecognitionService: #startListening called while listening is in progress.
03-20 23:51:39.482  1684  2659 I RemoteSpeechRecognitionService: #startListening called while listening is in progress.
03-20 23:51:39.483  1684  2659 I RemoteSpeechRecognitionService: #startListening called while listening is in progress.
03-20 23:51:39.485  1684  5021 I RemoteSpeechRecognitionService: #startListening called while listening is in progress.
03-20 23:51:39.486  1684  5021 I RemoteSpeechRecognitionService: #startListening called while listening is in progress.
03-20 23:51:39.488  1684  5021 I RemoteSpeechRecognitionService: #startListening called while listening is in progress.
03-20 23:51:39.491  1684  5021 I RemoteSpeechRecognitionService: #startListening called while listening is in progress.
03-20 23:51:39.492  1684  3905 I RemoteSpeechRecognitionService: #startListening called while listening is in progress.
03-20 23:51:39.492  1684  1830 D ProcessManager: add audio active uid : 10186
03-20 23:51:39.493  1684  3905 I RemoteSpeechRecognitionService: #startListening called while listening is in progress.
03-20 23:51:39.500  1684  3905 I RemoteSpeechRecognitionService: #startListening called while listening is in progress.
03-20 23:51:39.501  1684  3905 I RemoteSpeechRecognitionService: #startListening called while listening is in progress.
03-20 23:51:39.502  1684  3905 I RemoteSpeechRecognitionService: #startListening called while listening is in progress.
03-20 23:51:39.503  1684  3905 I RemoteSpeechRecognitionService: #startListening called while listening is in progress.
03-20 23:51:39.504  1684  3905 I RemoteSpeechRecognitionService: #startListening called while listening is in progress.
03-20 23:51:39.506  1684  3905 I RemoteSpeechRecognitionService: #startListening called while listening is in progress.
03-20 23:51:39.507  1684  3905 I RemoteSpeechRecognitionService: #startListening called while listening is in progress.
03-20 23:51:39.509  1684  2659 I RemoteSpeechRecognitionService: #startListening called while listening is in progress.
03-20 23:51:39.511  1684  2659 I RemoteSpeechRecognitionService: #startListening called while listening is in progress.
03-20 23:51:39.513  1684  3905 I RemoteSpeechRecognitionService: #startListening called while listening is in progress.
03-20 23:51:39.515  1684  3905 I RemoteSpeechRecognitionService: #startListening called while listening is in progress.
03-20 23:51:39.519  1684  3905 I RemoteSpeechRecognitionService: #startListening called while listening is in progress.
03-20 23:51:39.520  1684  3905 I RemoteSpeechRecognitionService: #startListening called while listening is in progress.
03-20 23:51:39.521  1684  2748 I RemoteSpeechRecognitionService: #startListening called while listening is in progress.
03-20 23:51:39.522  1684  2748 I RemoteSpeechRecognitionService: #startListening called while listening is in progress.
03-20 23:51:39.523  1684  2748 I RemoteSpeechRecognitionService: #startListening called while listening is in progress.
03-20 23:51:39.526  1684  2748 I RemoteSpeechRecognitionService: #startListening called while listening is in progress.
03-20 23:51:39.527  1684  2748 I RemoteSpeechRecognitionService: #startListening called while listening is in progress.
03-20 23:51:39.529  1684  5011 I RemoteSpeechRecognitionService: #startListening called while listening is in progress.
03-20 23:51:39.531  1684  5011 I RemoteSpeechRecognitionService: #startListening called while listening is in progress.
03-20 23:51:39.532  1684  5011 I RemoteSpeechRecognitionService: #startListening called while listening is in progress.
03-20 23:51:39.533  1684  3905 I RemoteSpeechRecognitionService: #startListening called while listening is in progress.
03-20 23:51:39.533  1684  1684 W SoundTriggerHelper: Recognition aborted
03-20 23:51:39.534  1684  3905 I RemoteSpeechRecognitionService: #startListening called while listening is in progress.
03-20 23:51:39.534  5354 16319 I AlwaysOnHotwordDetector: onRecognitionPaused
03-20 23:51:39.535  1684  3905 I RemoteSpeechRecognitionService: #startListening called while listening is in progress.
03-20 23:51:39.536  1684  3905 I RemoteSpeechRecognitionService: #startListening called while listening is in progress.
03-20 23:51:39.537  1684  1684 W SoundTriggerHelper: startRecognition failed with -16
03-20 23:51:39.537  1684  1684 D SoundTriggerHelper: onRecognitionAbortLocked model:Handle: 7
03-20 23:51:39.537  1684  1684 D SoundTriggerHelper: ModelState: LOADED
03-20 23:51:39.537  1684  1684 D SoundTriggerHelper: Requested: Yes
03-20 23:51:39.537  1684  1684 D SoundTriggerHelper: Callback: com.android.server.voiceinteraction.HotwordDetectionConnection$SoundTriggerCallback@7df54f2
03-20 23:51:39.537  1684  1684 D SoundTriggerHelper: UUID: 0caf437a-2024-4b3a-b958-a25b94368fb0
03-20 23:51:39.537  1684  1684 D SoundTriggerHelper: Model type: Keyphrase
03-20 23:51:39.537  1684  1684 D SoundTriggerHelper: RunInBatterySaverMode=true
03-20 23:51:39.537  5354 16319 I AlwaysOnHotwordDetector: onError: -16
03-20 23:51:39.538  1684  3905 I RemoteSpeechRecognitionService: #startListening called while listening is in progress.
03-20 23:51:39.538  1684  3905 I RemoteSpeechRecognitionService: #startListening called while listening is in progress.
03-20 23:51:39.539  1684  5011 I RemoteSpeechRecognitionService: #startListening called while listening is in progress.
03-20 23:51:39.540  1684  5011 I RemoteSpeechRecognitionService: #startListening called while listening is in progress.
03-20 23:51:39.542  1684  3905 I RemoteSpeechRecognitionService: #startListening called while listening is in progress.
03-20 23:51:39.543  1684  6544 I RemoteSpeechRecognitionService: #startListening called while listening is in progress.
03-20 23:51:39.547  1684  2748 I RemoteSpeechRecognitionService: #startListening called while listening is in progress.
03-20 23:51:39.552  1684  1821 I DisplayModeDirectorImpl: onDesiredDisplayModeSpecsChanged:baseModeId=1 allowGroupSwitching=false primaryRefreshRateRange=[0 60] appRequestRefreshRateRange=[0 60] noVotes=false
03-20 23:51:39.557  1684  3905 I RemoteSpeechRecognitionService: #startListening called while listening is in progress.
03-20 23:51:39.559  1684  3905 I RemoteSpeechRecognitionService: #startListening called while listening is in progress.
03-20 23:51:39.563  1684  3905 I RemoteSpeechRecognitionService: #startListening called while listening is in progress.
03-20 23:51:39.565  1684  3905 I RemoteSpeechRecognitionService: #startListening called while listening is in progress.
03-20 23:51:39.567  1684  2748 I RemoteSpeechRecognitionService: #startListening called while listening is in progress.
03-20 23:51:39.569  1684  2748 I RemoteSpeechRecognitionService: #startListening called while listening is in progress.
03-20 23:51:39.571  1684  2748 I RemoteSpeechRecognitionService: #startListening called while listening is in progress.
03-20 23:51:39.573  1684  2748 I RemoteSpeechRecognitionService: #startListening called while listening is in progress.
03-20 23:51:39.574  1684  2748 I RemoteSpeechRecognitionService: #startListening called while listening is in progress.
03-20 23:51:39.576  1684  2748 I RemoteSpeechRecognitionService: #startListening called while listening is in progress.
03-20 23:51:39.576  1684  2696 I RemoteSpeechRecognitionService: #startListening called while listening is in progress.
03-20 23:51:39.577  1684  2696 I RemoteSpeechRecognitionService: #startListening called while listening is in progress.
03-20 23:51:39.578  1684  2696 I RemoteSpeechRecognitionService: #startListening called while listening is in progress.
03-20 23:51:39.579  1684  2696 I RemoteSpeechRecognitionService: #startListening called while listening is in progress.
03-20 23:51:39.580  1684  2696 I RemoteSpeechRecognitionService: #startListening called while listening is in progress.
03-20 23:51:39.582  1684  2696 I RemoteSpeechRecognitionService: #startListening called while listening is in progress.
03-20 23:51:39.584  1684  3905 I RemoteSpeechRecognitionService: #startListening called while listening is in progress.
03-20 23:51:39.586  1684  5011 I RemoteSpeechRecognitionService: #startListening called while listening is in progress.
03-20 23:51:39.588  1684  5011 I RemoteSpeechRecognitionService: #startListening called while listening is in progress.
03-20 23:51:39.589  1684  5011 I RemoteSpeechRecognitionService: #startListening called while listening is in progress.
03-20 23:51:39.590  1684  5011 I RemoteSpeechRecognitionService: #startListening called while listening is in progress.
03-20 23:51:39.591  1684  5011 I RemoteSpeechRecognitionService: #startListening called while listening is in progress.
03-20 23:51:39.592  1684  5011 I RemoteSpeechRecognitionService: #startListening called while listening is in progress.
03-20 23:51:39.594  1684  6544 I RemoteSpeechRecognitionService: #startListening called while listening is in progress.
03-20 23:51:39.596  1684  6544 I RemoteSpeechRecognitionService: #startListening called while listening is in progress.
03-20 23:51:39.598  1684  6544 I RemoteSpeechRecognitionService: #startListening called while listening is in progress.
03-20 23:51:39.599  1684  6544 I RemoteSpeechRecognitionService: #startListening called while listening is in progress.
03-20 23:51:39.600  1684  6544 I RemoteSpeechRecognitionService: #startListening called while listening is in progress.
03-20 23:51:39.603  1684  6544 I RemoteSpeechRecognitionService: #startListening called while listening is in progress.
03-20 23:51:39.605  1684  5011 I RemoteSpeechRecognitionService: #startListening called while listening is in progress.
03-20 23:51:39.607  1684  5011 I RemoteSpeechRecognitionService: #startListening called while listening is in progress.
03-20 23:51:39.609  1684  5011 I RemoteSpeechRecognitionService: #startListening called while listening is in progress.
03-20 23:51:39.611  1684  5011 I RemoteSpeechRecognitionService: #startListening called while listening is in progress.
03-20 23:51:39.613  1684  5011 I RemoteSpeechRecognitionService: #startListening called while listening is in progress.
03-20 23:51:39.615  1684  5011 I RemoteSpeechRecognitionService: #startListening called while listening is in progress.
03-20 23:51:39.616  1684  6544 I RemoteSpeechRecognitionService: #startListening called while listening is in progress.
03-20 23:51:39.618  1684  5011 I RemoteSpeechRecognitionService: #startListening called while listening is in progress.
03-20 23:51:39.619  1684  5011 I RemoteSpeechRecognitionService: #startListening called while listening is in progress.
03-20 23:51:39.621  1684  5011 I RemoteSpeechRecognitionService: #startListening called while listening is in progress.
03-20 23:51:39.639  1684  5011 I RemoteSpeechRecognitionService: #startListening called while listening is in progress.
03-20 23:51:39.640  1684  5011 I RemoteSpeechRecognitionService: #startListening called while listening is in progress.
03-20 23:51:39.641  1684  5011 I RemoteSpeechRecognitionService: #startListening called while listening is in progress.
03-20 23:51:39.641  1684  5011 I RemoteSpeechRecognitionService: #startListening called while listening is in progress.
03-20 23:51:39.642  1684  5011 I RemoteSpeechRecognitionService: #startListening called while listening is in progress.
03-20 23:51:39.643  1684  6544 I RemoteSpeechRecognitionService: #startListening called while listening is in progress.
03-20 23:51:39.643  1684  5011 I RemoteSpeechRecognitionService: #startListening called while listening is in progress.
03-20 23:51:39.644  1684  6544 I RemoteSpeechRecognitionService: #startListening called while listening is in progress.
03-20 23:51:39.645  1684  6544 I RemoteSpeechRecognitionService: #startListening called while listening is in progress.
03-20 23:51:39.647  1684  6544 I RemoteSpeechRecognitionService: #startListening called while listening is in progress.
03-20 23:51:39.647  1684  6544 I RemoteSpeechRecognitionService: #startListening called while listening is in progress.
03-20 23:51:39.648  1684  6544 I RemoteSpeechRecognitionService: #startListening called while listening is in progress.
03-20 23:51:39.649  1684  6544 I RemoteSpeechRecognitionService: #startListening called while listening is in progress.
03-20 23:51:39.650  1684  6544 I RemoteSpeechRecognitionService: #startListening called while listening is in progress.
03-20 23:51:39.651  1684  6544 I RemoteSpeechRecognitionService: #startListening called while listening is in progress.
03-20 23:51:39.653  1684  6544 I RemoteSpeechRecognitionService: #startListening called while listening is in progress.
03-20 23:51:39.654  1684  6544 I RemoteSpeechRecognitionService: #startListening called while listening is in progress.
03-20 23:51:39.655  1684  6544 I RemoteSpeechRecognitionService: #startListening called while listening is in progress.
03-20 23:51:39.657  1684  5011 I RemoteSpeechRecognitionService: #startListening called while listening is in progress.
03-20 23:51:39.658  1684  6544 I RemoteSpeechRecognitionService: #startListening called while listening is in progress.
03-20 23:51:39.670  1684  5011 I RemoteSpeechRecognitionService: #startListening called while listening is in progress.
03-20 23:51:39.671  1684  5011 I RemoteSpeechRecognitionService: #startListening called while listening is in progress.
03-20 23:51:39.673  1684  5011 I RemoteSpeechRecognitionService: #startListening called while listening is in progress.
03-20 23:51:39.676  1684  2748 I RemoteSpeechRecognitionService: #startListening called while listening is in progress.
03-20 23:51:39.676  1684  2748 I RemoteSpeechRecognitionService: #startListening called while listening is in progress.
03-20 23:51:39.677  1684  2748 I RemoteSpeechRecognitionService: #startListening called while listening is in progress.
03-20 23:51:39.679  1684  2659 I RemoteSpeechRecognitionService: #startListening called while listening is in progress.
03-20 23:51:39.681  1684  2659 I RemoteSpeechRecognitionService: #startListening called while listening is in progress.
03-20 23:51:39.682  1684  2659 I RemoteSpeechRecognitionService: #startListening called while listening is in progress.
03-20 23:51:39.685  1684  6544 I RemoteSpeechRecognitionService: #startListening called while listening is in progress.
03-20 23:51:39.688  1684  2748 I RemoteSpeechRecognitionService: #startListening called while listening is in progress.
03-20 23:51:39.689  1684  5011 I RemoteSpeechRecognitionService: #startListening called while listening is in progress.
03-20 23:51:39.690  1684  5011 I RemoteSpeechRecognitionService: #startListening called while listening is in progress.
03-20 23:51:39.691  1684  5011 I RemoteSpeechRecognitionService: #startListening called while listening is in progress.
03-20 23:51:39.693  1684  6544 I RemoteSpeechRecognitionService: #startListening called while listening is in progress.
03-20 23:51:39.693  1684  6544 I RemoteSpeechRecognitionService: #startListening called while listening is in progress.
03-20 23:51:39.695  1684  5011 I RemoteSpeechRecognitionService: #startListening called while listening is in progress.
03-20 23:51:39.697  1684  5011 I RemoteSpeechRecognitionService: #startListening called while listening is in progress.
03-20 23:51:39.698  1684  6544 I RemoteSpeechRecognitionService: #startListening called while listening is in progress.
03-20 23:51:39.698  1684  6544 I RemoteSpeechRecognitionService: #startListening called while listening is in progress.
03-20 23:51:39.700  1684  6544 I RemoteSpeechRecognitionService: #startListening called while listening is in progress.
03-20 23:51:39.703  1684  6544 I RemoteSpeechRecognitionService: #startListening called while listening is in progress.
03-20 23:51:39.704  1684  6544 I RemoteSpeechRecognitionService: #startListening called while listening is in progress.
03-20 23:51:39.705  1684  6544 I RemoteSpeechRecognitionService: #startListening called while listening is in progress.
03-20 23:51:39.706  1684  6544 I RemoteSpeechRecognitionService: #startListening called while listening is in progress.
03-20 23:51:39.708  1684  6544 I RemoteSpeechRecognitionService: #startListening called while listening is in progress.
03-20 23:51:39.709  1684  6544 I RemoteSpeechRecognitionService: #startListening called while listening is in progress.
03-20 23:51:39.709  1684  5011 E AppOps  : Bad call made by uid 10183. Package "com.google.android.gms" does not belong to uid 10289.
03-20 23:51:39.712  1684  5011 I RemoteSpeechRecognitionService: #startListening called while listening is in progress.
03-20 23:51:39.714  1684  5011 I RemoteSpeechRecognitionService: #startListening called while listening is in progress.
03-20 23:51:39.715  1684  5011 I RemoteSpeechRecognitionService: #startListening called while listening is in progress.
03-20 23:51:39.716  1684  5011 I RemoteSpeechRecognitionService: #startListening called while listening is in progress.
03-20 23:51:39.717  1684  6544 I RemoteSpeechRecognitionService: #startListening called while listening is in progress.
03-20 23:51:39.719  1684  6544 I RemoteSpeechRecognitionService: #startListening called while listening is in progress.
03-20 23:51:39.720  1684  6544 I RemoteSpeechRecognitionService: #startListening called while listening is in progress.
03-20 23:51:39.723  1684  6544 I RemoteSpeechRecognitionService: #startListening called while listening is in progress.
03-20 23:51:39.727  1684  6544 I RemoteSpeechRecognitionService: #startListening called while listening is in progress.
03-20 23:51:39.728  1684  6544 I RemoteSpeechRecognitionService: #startListening called while listening is in progress.
03-20 23:51:39.731  1684  5011 I RemoteSpeechRecognitionService: #startListening called while listening is in progress.
03-20 23:51:39.732  1684  6544 I RemoteSpeechRecognitionService: #startListening called while listening is in progress.
03-20 23:51:39.732  1684  2748 I RemoteSpeechRecognitionService: #startListening called while listening is in progress.
03-20 23:51:39.733  1684  2748 I RemoteSpeechRecognitionService: #startListening called while listening is in progress.
03-20 23:51:39.734  1684  2748 I RemoteSpeechRecognitionService: #startListening called while listening is in progress.
03-20 23:51:39.736  1684  2748 I RemoteSpeechRecognitionService: #startListening called while listening is in progress.
03-20 23:51:39.737  1684  5011 I RemoteSpeechRecognitionService: #startListening called while listening is in progress.
03-20 23:51:39.742  1684  5011 I RemoteSpeechRecognitionService: #startListening called while listening is in progress.
03-20 23:51:39.744  1684  5011 I RemoteSpeechRecognitionService: #startListening called while listening is in progress.
03-20 23:51:39.745  1684  5011 I RemoteSpeechRecognitionService: #startListening called while listening is in progress.
